Partial/Required:  3.86, Required:    400.0, Partial:  1545.16, Net: net133, Pin: output133/A, Layer: met3
Partial/Required:  2.82, Required:    400.0, Partial:  1128.78, Net: _01521_, Pin: _26863_/A1, Layer: met1
Partial/Required:  2.69, Required:    400.0, Partial:  1076.95, Net: _08132_, Pin: _29416_/C, Layer: met3
Partial/Required:  2.49, Required:    400.0, Partial:   995.62, Net: _09290_, Pin: _15845_/A2, Layer: met3
Partial/Required:  2.30, Required:    400.0, Partial:   920.89, Net: _08292_, Pin: _14810_/B, Layer: met1
Partial/Required:  2.27, Required:    400.0, Partial:   906.77, Net: net291, Pin: output291/A, Layer: met3
Partial/Required:  2.12, Required:    400.0, Partial:    846.0, Net: _10452_, Pin: _26957_/A0, Layer: met1
Partial/Required:  2.11, Required:    400.0, Partial:   842.29, Net: net106, Pin: output106/A, Layer: met1
Partial/Required:  2.04, Required:    400.0, Partial:    817.2, Net: _11167_, Pin: _20750_/B2, Layer: met3
Partial/Required:  1.97, Required:    400.0, Partial:   786.01, Net: net282, Pin: output282/A, Layer: met3
Partial/Required:  1.74, Required:    400.0, Partial:   697.66, Net: _11424_, Pin: _18128_/A, Layer: met3
Partial/Required:  1.70, Required:    400.0, Partial:   681.11, Net: _11845_, Pin: _26927_/A1, Layer: met1
Partial/Required:  1.69, Required:    400.0, Partial:   676.81, Net: alu_out\[0\], Pin: _30864_/D, Layer: met1
Partial/Required:  1.64, Required:    400.0, Partial:   656.83, Net: genblk1.pcpi_mul.rd\[28\], Pin: _16692_/A0, Layer: met2
Partial/Required:  1.62, Required:    400.0, Partial:   646.22, Net: _08958_, Pin: _16674_/A, Layer: met1
Partial/Required:  1.61, Required:    400.0, Partial:   644.67, Net: _13765_, Pin: _23146_/A, Layer: met1
Partial/Required:  1.61, Required:    400.0, Partial:   644.67, Net: _13765_, Pin: _23021_/B, Layer: met1
Partial/Required:  1.57, Required:    400.0, Partial:   626.29, Net: _12002_, Pin: _19081_/A, Layer: met3
Partial/Required:  1.56, Required:    400.0, Partial:   622.71, Net: decoded_imm_uj\[15\], Pin: _27657_/A, Layer: met3
Partial/Required:  1.56, Required:    400.0, Partial:   622.71, Net: decoded_imm_uj\[15\], Pin: _27658_/A, Layer: met3
Partial/Required:  1.53, Required:    400.0, Partial:   612.95, Net: decoded_imm_uj\[18\], Pin: _27706_/A, Layer: met1
Partial/Required:  1.52, Required:    400.0, Partial:   607.22, Net: net289, Pin: _28150_/A, Layer: met1
Partial/Required:  1.51, Required:    400.0, Partial:    606.0, Net: _11363_, Pin: _26841_/A1, Layer: met1
Partial/Required:  1.50, Required:    400.0, Partial:   600.09, Net: _05267_, Pin: _29659_/A1, Layer: met3
Partial/Required:  1.50, Required:    400.0, Partial:   600.09, Net: _05267_, Pin: _25309_/A, Layer: met3
Partial/Required:  1.50, Required:    400.0, Partial:   600.09, Net: _05267_, Pin: _25528_/A, Layer: met3
Partial/Required:  1.50, Required:    400.0, Partial:   600.09, Net: _05267_, Pin: _26217_/A, Layer: met3
Partial/Required:  1.50, Required:    400.0, Partial:   598.94, Net: genblk1.pcpi_mul.rd\[27\], Pin: _16652_/A0, Layer: met2
Partial/Required:  1.46, Required:    400.0, Partial:   585.89, Net: net293, Pin: output293/A, Layer: met1
Partial/Required:  1.43, Required:    400.0, Partial:   571.33, Net: _05258_, Pin: _25618_/A1, Layer: met1
Partial/Required:  1.43, Required:    400.0, Partial:   571.33, Net: _12622_, Pin: _20744_/A, Layer: met1
Partial/Required:  1.39, Required:   2778.2, Partial:  3867.56, Net: net114, Pin: _29543_/A1, Layer: met3
Partial/Required:  1.38, Required:    400.0, Partial:   552.44, Net: _12245_, Pin: _22324_/B, Layer: met1
Partial/Required:  1.38, Required:    400.0, Partial:   551.78, Net: _10422_, Pin: _28391_/A0, Layer: met1
Partial/Required:  1.37, Required:    400.0, Partial:   547.94, Net: _08517_, Pin: _26927_/A0, Layer: met3
Partial/Required:  1.37, Required:    400.0, Partial:   546.67, Net: net145, Pin: _29543_/A0, Layer: met1
Partial/Required:  1.32, Required:    400.0, Partial:   526.06, Net: decoded_imm_uj\[11\], Pin: _15248_/A, Layer: met2
Partial/Required:  1.30, Required:    400.0, Partial:   519.82, Net: _09752_, Pin: _16339_/A2, Layer: met3
Partial/Required:  1.28, Required:    400.0, Partial:   512.89, Net: alu_out_q\[2\], Pin: _25193_/A_N, Layer: met3
Partial/Required:  1.26, Required:    400.0, Partial:   504.11, Net: _02074_, Pin: _22029_/A, Layer: met1
Partial/Required:  1.25, Required:    400.0, Partial:   501.89, Net: _13695_, Pin: _21515_/A2_N, Layer: met1
Partial/Required:  1.22, Required:    400.0, Partial:   488.67, Net: _10406_, Pin: _28358_/A0, Layer: met1
Partial/Required:  1.20, Required:    400.0, Partial:   480.89, Net: _11235_, Pin: _18025_/B1_N, Layer: met1
Partial/Required:  1.18, Required:    400.0, Partial:   473.71, Net: _14013_, Pin: _21322_/D, Layer: met3
Partial/Required:  1.18, Required:    400.0, Partial:   473.71, Net: _14013_, Pin: _22160_/C, Layer: met3
Partial/Required:  1.18, Required:    400.0, Partial:   473.15, Net: _12999_, Pin: _21092_/A2, Layer: met3
Partial/Required:  1.18, Required:    400.0, Partial:   473.15, Net: _12999_, Pin: _21287_/B, Layer: met3
Partial/Required:  1.18, Required:    400.0, Partial:   473.15, Net: _12999_, Pin: _22740_/B, Layer: met3
Partial/Required:  1.18, Required:    400.0, Partial:   473.15, Net: _12999_, Pin: _22453_/D, Layer: met3
Partial/Required:  1.18, Required:    400.0, Partial:   472.67, Net: _02374_, Pin: _22466_/B, Layer: met1
Partial/Required:  1.18, Required:    400.0, Partial:   470.74, Net: _01612_, Pin: _21748_/A2, Layer: met1
Partial/Required:  1.15, Required:    400.0, Partial:   460.32, Net: genblk1.pcpi_mul.rd\[27\], Pin: _16652_/A0, Layer: met3
Partial/Required:  1.15, Required:    400.0, Partial:   459.36, Net: net390, Pin: output270/A, Layer: met1
Partial/Required:  1.14, Required:    400.0, Partial:   457.78, Net: _05281_, Pin: _25335_/B, Layer: met1
Partial/Required:  1.14, Required:    400.0, Partial:   454.22, Net: _06340_, Pin: _27063_/A, Layer: met3
Partial/Required:  1.14, Required:    400.0, Partial:   454.22, Net: _06340_, Pin: _27082_/C, Layer: met3
Partial/Required:  1.13, Required:    400.0, Partial:   453.67, Net: _10322_, Pin: _29233_/A1, Layer: met1
Partial/Required:  1.12, Required:    400.0, Partial:   448.63, Net: _12369_, Pin: _23494_/A, Layer: met3
Partial/Required:  1.11, Required:    400.0, Partial:   444.89, Net: _11663_, Pin: _22481_/B, Layer: met1
Partial/Required:  1.11, Required:    400.0, Partial:   443.89, Net: _10295_, Pin: _17336_/A, Layer: met1
Partial/Required:  1.09, Required:    400.0, Partial:   436.95, Net: _08556_, Pin: _26936_/A0, Layer: met3
Partial/Required:  1.08, Required:    400.0, Partial:   430.99, Net: _11378_, Pin: _18082_/A, Layer: met3
Partial/Required:  1.07, Required:    400.0, Partial:   428.71, Net: _09927_, Pin: _16489_/B1, Layer: met1
Partial/Required:  1.05, Required:    400.0, Partial:    419.0, Net: _09770_, Pin: _16328_/B, Layer: met1
Partial/Required:  1.04, Required:    400.0, Partial:   417.56, Net: _02369_, Pin: _22326_/B_N, Layer: met1
Partial/Required:  1.04, Required:    400.0, Partial:   414.89, Net: _10409_, Pin: _17002_/A1, Layer: met1
Partial/Required:  1.04, Required:   2778.2, Partial:  2881.52, Net: alu_out_q\[6\], Pin: _25234_/A1, Layer: met3
Partial/Required:  1.03, Required:    400.0, Partial:   410.33, Net: _11365_, Pin: _22031_/B, Layer: met1
Partial/Required:  1.02, Required:    400.0, Partial:   409.52, Net: net197, Pin: output197/A, Layer: met1
Partial/Required:  1.02, Required:    400.0, Partial:   409.44, Net: _11648_, Pin: _21097_/B, Layer: met1
Partial/Required:  1.02, Required:    400.0, Partial:   409.33, Net: _02506_, Pin: _22591_/A, Layer: met1
Partial/Required:  1.01, Required:   2771.6, Partial:  2799.75, Net: alu_out_q\[7\], Pin: _25244_/A1, Layer: met3
Partial/Required:  1.01, Required:    400.0, Partial:   403.05, Net: _06589_, Pin: _27409_/A, Layer: met3
Partial/Required:  1.01, Required:    400.0, Partial:   403.05, Net: _06589_, Pin: _29374_/B2, Layer: met3
Partial/Required:  1.01, Required:    400.0, Partial:   402.56, Net: _08972_, Pin: _15515_/A, Layer: met1
Partial/Required:  1.00, Required:    400.0, Partial:   400.81, Net: _08385_, Pin: _27462_/A, Layer: met1
